Git
configuring My GitBash to My GitHub -

$ git config --global user.name "sandeepkrgupt"
$ git config --global user.email guptasandeep188@gmail.com
$ git config core.editorC:\ProgramData\Microsoft\Windows\Start Menu\Programs\Sublime Text 3.exe (for editor configuration)
$ git config --list (see all what you did/configured yet)
$ git config user.name (will show user name if configured successfully)
$ git checkout -b branch_name 
-----------------------------------------------------------------------------------------
NOW YOU CAN USE BELOW COMMANDS FOR CHECKOUT TO SPECIFIC REPO, ADD CHANGES, PUSH ETC..

sandegup@SANDEGUP01 MINGW64 /c/OPTUS_NEW/OptusNewPull/onlinestyleguide (develop)
$ git checkout project_shop
Branch project_shop set up to track remote branch project_shop from origin.
Switched to a new branch 'project_shop'

sandegup@SANDEGUP01 MINGW64 /c/OPTUS_NEW/OptusNewPull/onlinestyleguide (project_shop)
$ git pull origin
Already up-to-date.

sandegup@SANDEGUP01 MINGW64 /c/OPTUS_NEW/OptusNewPull/onlinestyleguide (project_shop)
$ git branch
  develop
* project_shop

sandegup@SANDEGUP01 MINGW64 /c/OPTUS_NEW/OptusNewPull/onlinestyleguide (project_shop)
$ git checkout bugfix/SD-11177_Fixed-shop_bugfix
Branch bugfix/SD-11177_Fixed-shop_bugfix set up to track remote branch bugfix/SD-11177_Fixed-shop_bugfix from origin.
Switched to a new branch 'bugfix/SD-11177_Fixed-shop_bugfix'

sandegup@SANDEGUP01 MINGW64 /c/OPTUS_NEW/OptusNewPull/onlinestyleguide (bugfix/SD-11177_Fixed-shop_bugfix)
$ git pull origin
Already up-to-date.

sandegup@SANDEGUP01 MINGW64 /c/OPTUS_NEW/OptusNewPull/onlinestyleguide (bugfix/SD-11177_Fixed-shop_bugfix)
$ git branch
* bugfix/SD-11177_Fixed-shop_bugfix
  develop
  project_shop

sandegup@SANDEGUP01 MINGW64 /c/OPTUS_NEW/OptusNewPull/onlinestyleguide (bugfix/SD-11177_Fixed-shop_bugfix)
$ git status
On branch bugfix/SD-11177_Fixed-shop_bugfix
Your branch is up-to-date with 'origin/bugfix/SD-11177_Fixed-shop_bugfix'.
Changes not staged for commit:
  (use "git add <file>..." to update what will be committed)
  (use "git checkout -- <file>..." to discard changes in working directory)

        modified:   framework/components/ux-customer-address/ux-customer-address.scss
        modified:   framework/widgets/checkNetworkCoverage/stylesheets/checkNetworkCoverage.scss

Untracked files:
  (use "git add <file>..." to include in what will be committed)

        node_modules.zip

no changes added to commit (use "git add" and/or "git commit -a")

sandegup@SANDEGUP01 MINGW64 /c/OPTUS_NEW/OptusNewPull/onlinestyleguide (bugfix/SD-11177_Fixed-shop_bugfix)
$ git diff
diff --git a/framework/components/ux-customer-address/ux-customer-address.scss b/framework/components/ux-customer-address/ux-customer-address.scss
index 9b292e2..edc9841 100644
--- a/framework/components/ux-customer-address/ux-customer-address.scss
+++ b/framework/components/ux-customer-address/ux-customer-address.scss
@@ -12,23 +12,6 @@
 }

 .ux-customer-address {
-    position: relative;
-    margin: 0 auto!important;
-    max-width: 650px!important;
-       float:left;
-    .main-view {
-        .v-large-top {
-            .ux-button-sd {
-                text-align: center!important;
-            }
-            h2 {
-                text-align: center!important;
-            }
-        }
-    }
-    .medium-6 {
-        width: 100%!important;
-    }
     .ux-select,
     .ux-input-box {
         label {
diff --git a/framework/widgets/checkNetworkCoverage/stylesheets/checkNetworkCoverage.scss b/framework/widgets/checkNetworkCoverage/stylesheets/checkNetworkCoverage.scss
index 262b934..6589081 100644
--- a/framework/widgets/checkNetworkCoverage/stylesheets/checkNetworkCoverage.scss
+++ b/framework/widgets/checkNetworkCoverage/stylesheets/checkNetworkCoverage.scss
@@ -16,7 +16,14 @@
     }
     .main-view {
         .ux-customer-address {
-            > .columns {
+            position: relative;
+            width: 100%!important;
+            margin: 0 auto!important;
+            max-width: 650px!important;
+            .medium-6 {
+                width: 100%!important;
+            }
+            >.columns {
                 padding-left: 0;
                 padding-right: 0;
             }
@@ -27,6 +34,14 @@
                 margin-top: 0;
             }
         }
+        .v-large-top {
+            .ux-button-sd {
+                text-align: center!important;
+            }
+            h2 {
+                text-align: center!important;
+            }
+        }
     }
     #manualAddress {
       .ux-customer-address, .modal-content {

sandegup@SANDEGUP01 MINGW64 /c/OPTUS_NEW/OptusNewPull/onlinestyleguide (bugfix/SD-11177_Fixed-shop_bugfix)
$


sandegup@SANDEGUP01 MINGW64 /c/OPTUS_NEW/OptusNewPull/onlinestyleguide (bugfix/SD-11177_Fixed-shop_bugfix)
$



sandegup@SANDEGUP01 MINGW64 /c/OPTUS_NEW/OptusNewPull/onlinestyleguide (bugfix/SD-11177_Fixed-shop_bugfix)
$



sandegup@SANDEGUP01 MINGW64 /c/OPTUS_NEW/OptusNewPull/onlinestyleguide (bugfix/SD-11177_Fixed-shop_bugfix)
$

sandegup@SANDEGUP01 MINGW64 /c/OPTUS_NEW/OptusNewPull/onlinestyleguide (bugfix/SD-11177_Fixed-shop_bugfix)
$



sandegup@SANDEGUP01 MINGW64 /c/OPTUS_NEW/OptusNewPull/onlinestyleguide (bugfix/SD-11177_Fixed-shop_bugfix)
$

sandegup@SANDEGUP01 MINGW64 /c/OPTUS_NEW/OptusNewPull/onlinestyleguide (bugfix/SD-11177_Fixed-shop_bugfix)
$

sandegup@SANDEGUP01 MINGW64 /c/OPTUS_NEW/OptusNewPull/onlinestyleguide (bugfix/SD-11177_Fixed-shop_bugfix)
$

sandegup@SANDEGUP01 MINGW64 /c/OPTUS_NEW/OptusNewPull/onlinestyleguide (bugfix/SD-11177_Fixed-shop_bugfix)
$ git pull origin
Already up-to-date.

sandegup@SANDEGUP01 MINGW64 /c/OPTUS_NEW/OptusNewPull/onlinestyleguide (bugfix/SD-11177_Fixed-shop_bugfix)
$ git status
On branch bugfix/SD-11177_Fixed-shop_bugfix
Your branch is up-to-date with 'origin/bugfix/SD-11177_Fixed-shop_bugfix'.
Changes not staged for commit:
  (use "git add <file>..." to update what will be committed)
  (use "git checkout -- <file>..." to discard changes in working directory)

        modified:   framework/components/ux-customer-address/ux-customer-address.scss
        modified:   framework/widgets/checkNetworkCoverage/stylesheets/checkNetworkCoverage.scss

Untracked files:
  (use "git add <file>..." to include in what will be committed)

        node_modules.zip

no changes added to commit (use "git add" and/or "git commit -a")

sandegup@SANDEGUP01 MINGW64 /c/OPTUS_NEW/OptusNewPull/onlinestyleguide (bugfix/SD-11177_Fixed-shop_bugfix)
$ git status
On branch bugfix/SD-11177_Fixed-shop_bugfix
Your branch is up-to-date with 'origin/bugfix/SD-11177_Fixed-shop_bugfix'.
Changes not staged for commit:
  (use "git add <file>..." to update what will be committed)
  (use "git checkout -- <file>..." to discard changes in working directory)

        modified:   framework/components/ux-customer-address/ux-customer-address.scss
        modified:   framework/widgets/checkNetworkCoverage/stylesheets/checkNetworkCoverage.scss

no changes added to commit (use "git add" and/or "git commit -a")

sandegup@SANDEGUP01 MINGW64 /c/OPTUS_NEW/OptusNewPull/onlinestyleguide (bugfix/SD-11177_Fixed-shop_bugfix)
$ git add *
The following paths are ignored by one of your .gitignore files:
node_modules
public
Use -f if you really want to add them.

sandegup@SANDEGUP01 MINGW64 /c/OPTUS_NEW/OptusNewPull/onlinestyleguide (bugfix/SD-11177_Fixed-shop_bugfix)
$ git status
On branch bugfix/SD-11177_Fixed-shop_bugfix
Your branch is up-to-date with 'origin/bugfix/SD-11177_Fixed-shop_bugfix'.
Changes to be committed:
  (use "git reset HEAD <file>..." to unstage)

        modified:   framework/components/ux-customer-address/ux-customer-address.scss
        modified:   framework/widgets/checkNetworkCoverage/stylesheets/checkNetworkCoverage.scss


sandegup@SANDEGUP01 MINGW64 /c/OPTUS_NEW/OptusNewPull/onlinestyleguide (bugfix/SD-11177_Fixed-shop_bugfix)
$ git status
On branch bugfix/SD-11177_Fixed-shop_bugfix
Your branch is up-to-date with 'origin/bugfix/SD-11177_Fixed-shop_bugfix'.
Changes to be committed:
  (use "git reset HEAD <file>..." to unstage)

        modified:   framework/components/ux-customer-address/ux-customer-address.scss
        modified:   framework/widgets/checkNetworkCoverage/stylesheets/checkNetworkCoverage.scss


sandegup@SANDEGUP01 MINGW64 /c/OPTUS_NEW/OptusNewPull/onlinestyleguide (bugfix/SD-11177_Fixed-shop_bugfix)
$ git diff

sandegup@SANDEGUP01 MINGW64 /c/OPTUS_NEW/OptusNewPull/onlinestyleguide (bugfix/SD-11177_Fixed-shop_bugfix)
$ git status
On branch bugfix/SD-11177_Fixed-shop_bugfix
Your branch is up-to-date with 'origin/bugfix/SD-11177_Fixed-shop_bugfix'.
Changes to be committed:
  (use "git reset HEAD <file>..." to unstage)

        modified:   framework/components/ux-customer-address/ux-customer-address.scss
        modified:   framework/widgets/checkNetworkCoverage/stylesheets/checkNetworkCoverage.scss


sandegup@SANDEGUP01 MINGW64 /c/OPTUS_NEW/OptusNewPull/onlinestyleguide (bugfix/SD-11177_Fixed-shop_bugfix)
$ git commit -m "[SD-11177] SQ Check Allignment"
[bugfix/SD-11177_Fixed-shop_bugfix 64c3dbd] [SD-11177] SQ Check Allignment
 Committer: Sandeep Gupta <sandegup@amdocs.com>
Your name and email address were configured automatically based
on your username and hostname. Please check that they are accurate.
You can suppress this message by setting them explicitly:

    git config --global user.name "Your Name"
    git config --global user.email you@example.com

After doing this, you may fix the identity used for this commit with:

    git commit --amend --reset-author

 2 files changed, 16 insertions(+), 18 deletions(-)

sandegup@SANDEGUP01 MINGW64 /c/OPTUS_NEW/OptusNewPull/onlinestyleguide (bugfix/SD-11177_Fixed-shop_bugfix)
$ git push
Counting objects: 10, done.
Delta compression using up to 4 threads.
Compressing objects: 100% (10/10), done.
Writing objects: 100% (10/10), 908 bytes | 0 bytes/s, done.
Total 10 (delta 8), reused 0 (delta 0)
remote:
remote: Create pull request for bugfix/SD-11177_Fixed-shop_bugfix:
remote:   https://stash.ext.springdigital-devisland.com.au/projects/SD/repos/onlinestyleguide/compare/commits?sourceBranch=refs/heads/bugfix/SD-11177_Fixed-shop_bugfix
remote:
To https://stash.ext.springdigital-devisland.com.au/scm/sd/onlinestyleguide.git
   a5072ca..64c3dbd  bugfix/SD-11177_Fixed-shop_bugfix -> bugfix/SD-11177_Fixed-shop_bugfix

sandegup@SANDEGUP01 MINGW64 /c/OPTUS_NEW/OptusNewPull/onlinestyleguide (bugfix/SD-11177_Fixed-shop_bugfix)
$ ^C

sandegup@SANDEGUP01 MINGW64 /c/OPTUS_NEW/OptusNewPull/onlinestyleguide (bugfix/SD-11177_Fixed-shop_bugfix)
$
