 kumarsa@L10ASO-PF1SH4QL MINGW64 /c/work/site---my-rotary/sites/all/modules/custom/rotary_donate_widget/js (OG-1530)
$ git remote add upstream ssh://git@bitbucketprd.rotaryintl.org:7999/wc/site---my-rotary.git

 kumarsa@L10ASO-PF1SH4QL MINGW64 /c/work/site---my-rotary/sites/all/modules/custom/rotary_donate_widget/js (OG-1530)
$ git pull upstream

kumarsa@L10ASO-PF1SH4QL MINGW64 /c/work/site---my-rotary/sites/all/modules/custom/rotary_donate_widget/js (OG-1507)
$ git remote -v
origin  ssh://git@bitbucketprd.rotaryintl.org:7999/~kumarsa/site---my-rotary.git (fetch)
origin  ssh://git@bitbucketprd.rotaryintl.org:7999/~kumarsa/site---my-rotary.git (push)
upstream        ssh://git@bitbucketprd.rotaryintl.org:7999/wc/site---my-rotary.git (fetch)
upstream        ssh://git@bitbucketprd.rotaryintl.org:7999/wc/site---my-rotary.git (push)

kumarsa@L10ASO-PF1SH4QL MINGW64 /c/work/site---my-rotary/sites/all/modules/custom/rotary_donate_widget/js (OG-1507)
$ git fetch upstream or only git fetch

kumarsa@L10ASO-PF1SH4QL MINGW64 /c/work/site---my-rotary/sites/all/modules/custom/rotary_donate_widget/js (OG-1507)
$ git pull
Already up to date.

kumarsa@L10ASO-PF1SH4QL MINGW64 /c/work/site---my-rotary/sites/all/modules/custom/rotary_donate_widget/js (OG-1507)
$ git add app/shared/state/reducerBehalf.js

kumarsa@L10ASO-PF1SH4QL MINGW64 /c/work/site---my-rotary/sites/all/modules/custom/rotary_donate_widget/js (OG-1507)
$ git status
On branch OG-1507
Your branch is up to date with 'upstream/OG-1507'.

Changes to be committed:
  (use "git restore --staged <file>..." to unstage)
        modified:   app/shared/state/reducerBehalf.js
		
kumarsa@L10ASO-PF1SH4QL MINGW64 /c/work/site---my-rotary/sites/all/modules/custom/rotary_donate_widget/js (OG-1507)
$ git commit -m 'OG-1507: QA Issue | Donate Form not able submit for logged in user Fix' --no-verify
[OG-1507 b77df4162] OG-1507: QA Issue | Donate Form not able submit for logged in user Fix
 Committer: Sandeep  Kumar <Sandeep.Kumar@rotary.org>
Your name and email address were configured automatically based
on your username and hostname. Please check that they are accurate.
You can suppress this message by setting them explicitly. Run the
following command and follow the instructions in your editor to edit
your configuration file:

    git config --global --edit

After doing this, you may fix the identity used for this commit with:

    git commit --amend --reset-author

 1 file changed, 5 insertions(+), 3 deletions(-)

kumarsa@L10ASO-PF1SH4QL MINGW64 /c/work/site---my-rotary/sites/all/modules/custom/rotary_donate_widget/js (OG-1507)
$ git push
Enumerating objects: 23, done.
Counting objects: 100% (23/23), done.
Delta compression using up to 8 threads
Compressing objects: 100% (12/12), done.
Writing objects: 100% (12/12), 1.19 KiB | 406.00 KiB/s, done.
Total 12 (delta 9), reused 0 (delta 0)
remote:
remote: Create pull request for OG-1507:
remote:   https://bitbucketprd.rotaryintl.org/projects/WC/repos/site---my-rotary/compare/commits?sourceBranch=refs/heads/OG-1507
remote:
To ssh://bitbucketprd.rotaryintl.org:7999/wc/site---my-rotary.git
   76f6fd6eb..b77df4162  OG-1507 -> OG-1507

--------------------------------------------------------------------------------------------------------------------------------------------------------------------
 ------------------------------------ Steps to follow when you create a new branch --------------------------------
 
 kumarsa@L10ASO-PF1SH4QL MINGW64 /c/work/site---my-rotary/sites/all/modules/custom/rotary_donate_widget/js (OG-1530)
$ git checkout master
 
 kumarsa@L10ASO-PF1SH4QL MINGW64 /c/work/site---my-rotary/sites/all/modules/custom/rotary_donate_widget/js (master)
$ git pull upstream master

kumarsa@L10ASO-PF1SH4QL MINGW64 /c/work/site---my-rotary/sites/all/modules/custom/rotary_donate_widget/js (master)
$ git checkout -b OG-1530

kumarsa@L10ASO-PF1SH4QL MINGW64 /c/work/site---my-rotary/sites/all/modules/custom/rotary_donate_widget/js (OG-1530)
$ git add app/shared/data/recurringFrequencies.js

kumarsa@L10ASO-PF1SH4QL MINGW64 /c/work/site---my-rotary/sites/all/modules/custom/rotary_donate_widget/js (OG-1530)
$ git commit -m 'PRD Issue: Prevent new subscriptions from getting incorrect schedule Fix'

kumarsa@L10ASO-PF1SH4QL MINGW64 /c/work/site---my-rotary/sites/all/modules/custom/rotary_donate_widget/js (OG-1530)
$ git commit -m 'PRD Issue: Prevent new subscriptions from getting incorrect schedule Fix' --no-verify

------------------------------------------------------------ To Edit commit message ------------------------------------------------------------------

kumarsa@L10ASO-PF1SH4QL MINGW64 /c/work/site---my-rotary/sites/all/modules/custom/rotary_donate_widget/js (OG-1530)
$ git commit --amend
Then make changes on console and then escape key and then :wq (to save changes)

kumarsa@L10ASO-PF1SH4QL MINGW64 /c/work/site---my-rotary/sites/all/modules/custom/rotary_donate_widget/js (OG-1530)
$ git push origin OG-1530
